// Jest Snapshot v1, https://goo.gl/fbAQLP

exports[`<SmallMovieCard /> Should SmallMovieCard render correctly 1`] = `
<article
  className="small-movie-card catalog__movies-card"
  onMouseEnter={[Function]}
  onMouseLeave={[Function]}
>
  <div
    className="small-movie-card__image"
    data-id={1}
  >
    <video
      className="children-component"
    />
  </div>
  <h3
    className="small-movie-card__title"
  >
    <a
      className="small-movie-card__link"
      data-id={1}
      href="/movie-details/1"
      onClick={[Function]}
    >
      Movie title 1
    </a>
  </h3>
</article>
`;
