// Jest Snapshot v1, https://goo.gl/fbAQLP

exports[`<SmallMovieCard /> Should SmallMovieCard render correctly 1`] = `
<article
  className="small-movie-card catalog__movies-card"
  onMouseEnter={[Function]}
  onMouseLeave={[Function]}
>
  <div
    className="small-movie-card__image"
  >
    <video
      autoPlay={false}
      height="175"
      loop={true}
      muted={true}
      poster="img/awesome-preview.jpg"
      width="280"
    />
  </div>
  <h3
    className="small-movie-card__title"
  >
    <a
      className="small-movie-card__link"
      data-id="0001"
      href="movie-page.html"
      onClick={[Function]}
    >
      Title 1
    </a>
  </h3>
</article>
`;
